2026-03-21 02:11:14,232 - ProtocolAnalyzer.analysis_20260321_021114 - INFO - [TOOL] ProtocolAnalyzer initialized with ID: analysis_20260321_021114
2026-03-21 02:11:14,233 - ProtocolAnalyzer.analysis_20260321_021114 - INFO - [LOAD] Loaded 556 packets for analysis
2026-03-21 02:11:14,240 - ProtocolAnalyzer.analysis_20260321_021114 - INFO - [ANALYZE] Starting protocol analysis...
2026-03-21 02:11:14,243 - ProtocolAnalyzer.analysis_20260321_021114 - INFO - [PROTO] Identifying protocols...
2026-03-21 02:11:14,251 - ProtocolAnalyzer.analysis_20260321_021114 - INFO - [FLOWS] Reconstructing communication flows...
2026-03-21 02:11:14,261 - ProtocolAnalyzer.analysis_20260321_021114 - INFO - [FLOWS] Reconstructed 55 unique flows
2026-03-21 02:11:14,262 - ProtocolAnalyzer.analysis_20260321_021114 - INFO - [ENTROPY] Analyzing payload entropy...
2026-03-21 02:11:14,296 - ProtocolAnalyzer.analysis_20260321_021114 - WARNING - [ALERT] Detected 277 packets with high entropy (possible encryption/obfuscation)
2026-03-21 02:11:14,296 - ProtocolAnalyzer.analysis_20260321_021114 - INFO - [DNS] Checking for DNS tunneling...
2026-03-21 02:11:14,303 - ProtocolAnalyzer.analysis_20260321_021114 - WARNING - [ALERT] Detected 22 suspicious DNS queries (possible tunneling)
2026-03-21 02:11:14,304 - ProtocolAnalyzer.analysis_20260321_021114 - INFO - [C2] Checking for C2 beacon patterns...
2026-03-21 02:11:14,317 - ProtocolAnalyzer.analysis_20260321_021114 - INFO - [SIZE] Analyzing packet size patterns...
2026-03-21 02:11:14,327 - ProtocolAnalyzer.analysis_20260321_021114 - INFO - [PORTS] Checking for suspicious port usage...
2026-03-21 02:11:14,328 - ProtocolAnalyzer.analysis_20260321_021114 - INFO - [PORTS] Traffic detected on suspicious ports: 53
2026-03-21 02:11:14,330 - ProtocolAnalyzer.analysis_20260321_021114 - INFO - [TIMING] Analyzing packet timing patterns...
2026-03-21 02:11:14,336 - ProtocolAnalyzer.analysis_20260321_021114 - INFO - [HTTP] Checking for HTTP anomalies...
2026-03-21 02:11:14,337 - ProtocolAnalyzer.analysis_20260321_021114 - INFO - [COMPLETE] Analysis completed in 0.09s
2026-03-21 02:11:14,339 - ProtocolAnalyzer.analysis_20260321_021114 - INFO -            Protocols detected: 1
2026-03-21 02:11:14,340 - ProtocolAnalyzer.analysis_20260321_021114 - INFO -            Flows reconstructed: 55
2026-03-21 02:11:14,341 - ProtocolAnalyzer.analysis_20260321_021114 - INFO -            Alerts generated: 4
2026-03-21 02:11:14,352 - ProtocolAnalyzer.analysis_20260321_021114 - INFO - [REPORT] JSON report saved to: output/analysis/analysis_20260321_021114.json
2026-03-21 02:11:14,353 - ProtocolAnalyzer.analysis_20260321_021114 - INFO - [CLEAN] Protocol analyzer cleaned up
