2026-03-20 08:03:23,671 - ProtocolAnalyzer.analysis_20260320_080323 - INFO - [TOOL] ProtocolAnalyzer initialized with ID: analysis_20260320_080323
2026-03-20 08:03:23,672 - ProtocolAnalyzer.analysis_20260320_080323 - INFO - [LOAD] Loaded 376 packets for analysis
2026-03-20 08:03:23,675 - ProtocolAnalyzer.analysis_20260320_080323 - INFO - [ANALYZE] Starting protocol analysis...
2026-03-20 08:03:23,677 - ProtocolAnalyzer.analysis_20260320_080323 - INFO - [PROTO] Identifying protocols...
2026-03-20 08:03:23,683 - ProtocolAnalyzer.analysis_20260320_080323 - INFO - [FLOWS] Reconstructing communication flows...
2026-03-20 08:03:23,688 - ProtocolAnalyzer.analysis_20260320_080323 - INFO - [FLOWS] Reconstructed 41 unique flows
2026-03-20 08:03:23,692 - ProtocolAnalyzer.analysis_20260320_080323 - INFO - [ENTROPY] Analyzing payload entropy...
2026-03-20 08:03:23,711 - ProtocolAnalyzer.analysis_20260320_080323 - WARNING - [ALERT] Detected 181 packets with high entropy (possible encryption/obfuscation)
2026-03-20 08:03:23,712 - ProtocolAnalyzer.analysis_20260320_080323 - INFO - [DNS] Checking for DNS tunneling...
2026-03-20 08:03:23,718 - ProtocolAnalyzer.analysis_20260320_080323 - WARNING - [ALERT] Detected 12 suspicious DNS queries (possible tunneling)
2026-03-20 08:03:23,719 - ProtocolAnalyzer.analysis_20260320_080323 - INFO - [C2] Checking for C2 beacon patterns...
2026-03-20 08:03:23,722 - ProtocolAnalyzer.analysis_20260320_080323 - INFO - [SIZE] Analyzing packet size patterns...
2026-03-20 08:03:23,724 - ProtocolAnalyzer.analysis_20260320_080323 - INFO - [PORTS] Checking for suspicious port usage...
2026-03-20 08:03:23,728 - ProtocolAnalyzer.analysis_20260320_080323 - INFO - [PORTS] Traffic detected on suspicious ports: 53
2026-03-20 08:03:23,733 - ProtocolAnalyzer.analysis_20260320_080323 - INFO - [TIMING] Analyzing packet timing patterns...
2026-03-20 08:03:23,742 - ProtocolAnalyzer.analysis_20260320_080323 - INFO - [HTTP] Checking for HTTP anomalies...
2026-03-20 08:03:23,744 - ProtocolAnalyzer.analysis_20260320_080323 - INFO - [COMPLETE] Analysis completed in 0.07s
2026-03-20 08:03:23,745 - ProtocolAnalyzer.analysis_20260320_080323 - INFO -            Protocols detected: 1
2026-03-20 08:03:23,745 - ProtocolAnalyzer.analysis_20260320_080323 - INFO -            Flows reconstructed: 41
2026-03-20 08:03:23,747 - ProtocolAnalyzer.analysis_20260320_080323 - INFO -            Alerts generated: 3
2026-03-20 08:03:23,775 - ProtocolAnalyzer.analysis_20260320_080323 - INFO - [REPORT] JSON report saved to: output/analysis/analysis_20260320_080323.json
2026-03-20 08:03:23,779 - ProtocolAnalyzer.analysis_20260320_080323 - INFO - [CLEAN] Protocol analyzer cleaned up
