2026-03-20 07:31:51,393 - ProtocolAnalyzer.analysis_20260320_073151 - INFO - [TOOL] ProtocolAnalyzer initialized with ID: analysis_20260320_073151
2026-03-20 07:31:51,393 - ProtocolAnalyzer.analysis_20260320_073151 - INFO - [LOAD] Loaded 473 packets for analysis
2026-03-20 07:31:51,394 - ProtocolAnalyzer.analysis_20260320_073151 - INFO - [ANALYZE] Starting protocol analysis...
2026-03-20 07:31:51,395 - ProtocolAnalyzer.analysis_20260320_073151 - INFO - [PROTO] Identifying protocols...
2026-03-20 07:31:51,397 - ProtocolAnalyzer.analysis_20260320_073151 - INFO - [FLOWS] Reconstructing communication flows...
2026-03-20 07:31:51,399 - ProtocolAnalyzer.analysis_20260320_073151 - INFO - [FLOWS] Reconstructed 59 unique flows
2026-03-20 07:31:51,399 - ProtocolAnalyzer.analysis_20260320_073151 - INFO - [ENTROPY] Analyzing payload entropy...
2026-03-20 07:31:51,424 - ProtocolAnalyzer.analysis_20260320_073151 - WARNING - [ALERT] Detected 231 packets with high entropy (possible encryption/obfuscation)
2026-03-20 07:31:51,424 - ProtocolAnalyzer.analysis_20260320_073151 - INFO - [DNS] Checking for DNS tunneling...
2026-03-20 07:31:51,429 - ProtocolAnalyzer.analysis_20260320_073151 - WARNING - [ALERT] Detected 20 suspicious DNS queries (possible tunneling)
2026-03-20 07:31:51,430 - ProtocolAnalyzer.analysis_20260320_073151 - INFO - [C2] Checking for C2 beacon patterns...
2026-03-20 07:31:51,441 - ProtocolAnalyzer.analysis_20260320_073151 - INFO - [SIZE] Analyzing packet size patterns...
2026-03-20 07:31:51,457 - ProtocolAnalyzer.analysis_20260320_073151 - INFO - [PORTS] Checking for suspicious port usage...
2026-03-20 07:31:51,459 - ProtocolAnalyzer.analysis_20260320_073151 - INFO - [PORTS] Traffic detected on suspicious ports: 53
2026-03-20 07:31:51,460 - ProtocolAnalyzer.analysis_20260320_073151 - INFO - [TIMING] Analyzing packet timing patterns...
2026-03-20 07:31:51,471 - ProtocolAnalyzer.analysis_20260320_073151 - INFO - [HTTP] Checking for HTTP anomalies...
2026-03-20 07:31:51,474 - ProtocolAnalyzer.analysis_20260320_073151 - INFO - [COMPLETE] Analysis completed in 0.08s
2026-03-20 07:31:51,478 - ProtocolAnalyzer.analysis_20260320_073151 - INFO -            Protocols detected: 1
2026-03-20 07:31:51,479 - ProtocolAnalyzer.analysis_20260320_073151 - INFO -            Flows reconstructed: 59
2026-03-20 07:31:51,480 - ProtocolAnalyzer.analysis_20260320_073151 - INFO -            Alerts generated: 3
2026-03-20 07:31:51,494 - ProtocolAnalyzer.analysis_20260320_073151 - INFO - [REPORT] JSON report saved to: output/analysis/analysis_20260320_073151.json
2026-03-20 07:31:51,495 - ProtocolAnalyzer.analysis_20260320_073151 - INFO - [CLEAN] Protocol analyzer cleaned up
