2026-03-20 08:03:23,906 - SignatureGenerator.siggen_20260320_080323 - INFO - [TOOL] SignatureGenerator initialized with ID: siggen_20260320_080323
2026-03-20 08:03:23,909 - SignatureGenerator.siggen_20260320_080323 - INFO - [LOAD] Loaded protocol analysis with 3 alerts
2026-03-20 08:03:23,910 - SignatureGenerator.siggen_20260320_080323 - INFO - [LOAD] Loaded exfiltration results with 3 alerts
2026-03-20 08:03:23,911 - SignatureGenerator.siggen_20260320_080323 - INFO - [LOAD] Loaded 376 packets for pattern extraction
2026-03-20 08:03:23,916 - SignatureGenerator.siggen_20260320_080323 - INFO - [GENERATE] Starting signature generation...
2026-03-20 08:03:23,922 - SignatureGenerator.siggen_20260320_080323 - INFO - [PATTERNS] Extracting patterns from alerts...
2026-03-20 08:03:23,924 - SignatureGenerator.siggen_20260320_080323 - INFO - [PATTERNS] Extracting patterns from packet payloads...
2026-03-20 08:03:23,929 - SignatureGenerator.siggen_20260320_080323 - INFO - [SNORT] Generating Snort signatures...
2026-03-20 08:03:23,938 - SignatureGenerator.siggen_20260320_080323 - INFO - [SNORT] Generated 5 signatures
2026-03-20 08:03:23,944 - SignatureGenerator.siggen_20260320_080323 - INFO - [SURICATA] Generating Suricata signatures...
2026-03-20 08:03:23,949 - SignatureGenerator.siggen_20260320_080323 - INFO - [SURICATA] Generated 5 signatures
2026-03-20 08:03:23,957 - SignatureGenerator.siggen_20260320_080323 - INFO - [YARA] Generating YARA signatures...
2026-03-20 08:03:23,960 - SignatureGenerator.siggen_20260320_080323 - INFO - [YARA] Generated 2 signatures
2026-03-20 08:03:23,970 - SignatureGenerator.siggen_20260320_080323 - INFO - [SIGMA] Generating Sigma signatures...
2026-03-20 08:03:23,977 - SignatureGenerator.siggen_20260320_080323 - INFO - [SIGMA] Generated 1 signatures
2026-03-20 08:03:23,991 - SignatureGenerator.siggen_20260320_080323 - INFO - [JSON] Generating custom JSON signatures...
2026-03-20 08:03:24,005 - SignatureGenerator.siggen_20260320_080323 - INFO - [JSON] Generated custom JSON signature
2026-03-20 08:03:24,037 - SignatureGenerator.siggen_20260320_080323 - INFO - [COMPLETE] Signature generation completed in 0.11s
2026-03-20 08:03:24,043 - SignatureGenerator.siggen_20260320_080323 - INFO -            Patterns extracted: 5
2026-03-20 08:03:24,057 - SignatureGenerator.siggen_20260320_080323 - INFO -            Signatures generated: 14
2026-03-20 08:03:24,059 - SignatureGenerator.siggen_20260320_080323 - INFO -            Formats: snort, suricata, yara, sigma, custom_json
2026-03-20 08:03:24,072 - SignatureGenerator.siggen_20260320_080323 - INFO - [REPORT] JSON report saved to: signatures/custom/report_siggen_20260320_080323.json
2026-03-20 08:03:24,077 - SignatureGenerator.siggen_20260320_080323 - INFO - [CLEAN] Signature generator cleaned up
