2026-03-20 07:31:51,624 - SignatureGenerator.siggen_20260320_073151 - INFO - [TOOL] SignatureGenerator initialized with ID: siggen_20260320_073151
2026-03-20 07:31:51,635 - SignatureGenerator.siggen_20260320_073151 - INFO - [LOAD] Loaded protocol analysis with 3 alerts
2026-03-20 07:31:51,639 - SignatureGenerator.siggen_20260320_073151 - INFO - [LOAD] Loaded exfiltration results with 3 alerts
2026-03-20 07:31:51,643 - SignatureGenerator.siggen_20260320_073151 - INFO - [LOAD] Loaded 473 packets for pattern extraction
2026-03-20 07:31:51,656 - SignatureGenerator.siggen_20260320_073151 - INFO - [GENERATE] Starting signature generation...
2026-03-20 07:31:51,660 - SignatureGenerator.siggen_20260320_073151 - INFO - [PATTERNS] Extracting patterns from alerts...
2026-03-20 07:31:51,661 - SignatureGenerator.siggen_20260320_073151 - INFO - [PATTERNS] Extracting patterns from packet payloads...
2026-03-20 07:31:51,667 - SignatureGenerator.siggen_20260320_073151 - INFO - [SNORT] Generating Snort signatures...
2026-03-20 07:31:51,673 - SignatureGenerator.siggen_20260320_073151 - INFO - [SNORT] Generated 5 signatures
2026-03-20 07:31:51,678 - SignatureGenerator.siggen_20260320_073151 - INFO - [SURICATA] Generating Suricata signatures...
2026-03-20 07:31:51,684 - SignatureGenerator.siggen_20260320_073151 - INFO - [SURICATA] Generated 5 signatures
2026-03-20 07:31:51,690 - SignatureGenerator.siggen_20260320_073151 - INFO - [YARA] Generating YARA signatures...
2026-03-20 07:31:51,693 - SignatureGenerator.siggen_20260320_073151 - INFO - [YARA] Generated 2 signatures
2026-03-20 07:31:51,704 - SignatureGenerator.siggen_20260320_073151 - INFO - [SIGMA] Generating Sigma signatures...
2026-03-20 07:31:51,710 - SignatureGenerator.siggen_20260320_073151 - INFO - [SIGMA] Generated 1 signatures
2026-03-20 07:31:51,722 - SignatureGenerator.siggen_20260320_073151 - INFO - [JSON] Generating custom JSON signatures...
2026-03-20 07:31:51,729 - SignatureGenerator.siggen_20260320_073151 - INFO - [JSON] Generated custom JSON signature
2026-03-20 07:31:51,741 - SignatureGenerator.siggen_20260320_073151 - INFO - [COMPLETE] Signature generation completed in 0.08s
2026-03-20 07:31:51,745 - SignatureGenerator.siggen_20260320_073151 - INFO -            Patterns extracted: 5
2026-03-20 07:31:51,754 - SignatureGenerator.siggen_20260320_073151 - INFO -            Signatures generated: 14
2026-03-20 07:31:51,761 - SignatureGenerator.siggen_20260320_073151 - INFO -            Formats: snort, suricata, yara, sigma, custom_json
2026-03-20 07:31:51,800 - SignatureGenerator.siggen_20260320_073151 - INFO - [REPORT] JSON report saved to: signatures/custom/report_siggen_20260320_073151.json
2026-03-20 07:31:51,809 - SignatureGenerator.siggen_20260320_073151 - INFO - [CLEAN] Signature generator cleaned up
