2026-03-21 02:11:14,441 - SignatureGenerator.siggen_20260321_021114 - INFO - [TOOL] SignatureGenerator initialized with ID: siggen_20260321_021114
2026-03-21 02:11:14,442 - SignatureGenerator.siggen_20260321_021114 - INFO - [LOAD] Loaded protocol analysis with 4 alerts
2026-03-21 02:11:14,444 - SignatureGenerator.siggen_20260321_021114 - INFO - [LOAD] Loaded exfiltration results with 3 alerts
2026-03-21 02:11:14,444 - SignatureGenerator.siggen_20260321_021114 - INFO - [LOAD] Loaded 556 packets for pattern extraction
2026-03-21 02:11:14,445 - SignatureGenerator.siggen_20260321_021114 - INFO - [GENERATE] Starting signature generation...
2026-03-21 02:11:14,446 - SignatureGenerator.siggen_20260321_021114 - INFO - [PATTERNS] Extracting patterns from alerts...
2026-03-21 02:11:14,448 - SignatureGenerator.siggen_20260321_021114 - INFO - [PATTERNS] Extracting patterns from packet payloads...
2026-03-21 02:11:14,452 - SignatureGenerator.siggen_20260321_021114 - INFO - [SNORT] Generating Snort signatures...
2026-03-21 02:11:14,460 - SignatureGenerator.siggen_20260321_021114 - INFO - [SNORT] Generated 5 signatures
2026-03-21 02:11:14,467 - SignatureGenerator.siggen_20260321_021114 - INFO - [SURICATA] Generating Suricata signatures...
2026-03-21 02:11:14,478 - SignatureGenerator.siggen_20260321_021114 - INFO - [SURICATA] Generated 5 signatures
2026-03-21 02:11:14,480 - SignatureGenerator.siggen_20260321_021114 - INFO - [YARA] Generating YARA signatures...
2026-03-21 02:11:14,482 - SignatureGenerator.siggen_20260321_021114 - INFO - [YARA] Generated 2 signatures
2026-03-21 02:11:14,483 - SignatureGenerator.siggen_20260321_021114 - INFO - [SIGMA] Generating Sigma signatures...
2026-03-21 02:11:14,492 - SignatureGenerator.siggen_20260321_021114 - INFO - [SIGMA] Generated 1 signatures
2026-03-21 02:11:14,496 - SignatureGenerator.siggen_20260321_021114 - INFO - [JSON] Generating custom JSON signatures...
2026-03-21 02:11:14,507 - SignatureGenerator.siggen_20260321_021114 - INFO - [JSON] Generated custom JSON signature
2026-03-21 02:11:14,512 - SignatureGenerator.siggen_20260321_021114 - INFO - [COMPLETE] Signature generation completed in 0.07s
2026-03-21 02:11:14,519 - SignatureGenerator.siggen_20260321_021114 - INFO -            Patterns extracted: 5
2026-03-21 02:11:14,519 - SignatureGenerator.siggen_20260321_021114 - INFO -            Signatures generated: 14
2026-03-21 02:11:14,520 - SignatureGenerator.siggen_20260321_021114 - INFO -            Formats: snort, suricata, yara, sigma, custom_json
2026-03-21 02:11:14,531 - SignatureGenerator.siggen_20260321_021114 - INFO - [REPORT] JSON report saved to: signatures/custom/report_siggen_20260321_021114.json
2026-03-21 02:11:14,538 - SignatureGenerator.siggen_20260321_021114 - INFO - [CLEAN] Signature generator cleaned up
